../application/source/user_interface/uiChannelMode.c:2427:13:updateTrxID	8	static
../application/source/user_interface/uiChannelMode.c:2687:13:quicksortChannelByDistance	40	static
../application/source/user_interface/uiChannelMode.c:124:13:checkChannelLocation	24	static
../application/source/user_interface/uiChannelMode.c:2731:13:initSortedChannels	728	static
../application/source/user_interface/uiChannelMode.c:1868:13:updateQuickMenuScreen	104	static
../application/source/user_interface/uiChannelMode.c:1830:13:validateOverwriteChannel	56	static
../application/source/user_interface/uiChannelMode.c:2361:13:scanStart	32	static
../application/source/user_interface/uiChannelMode.c:528:6:uiChannelModeLoadChannelData	72	static
../application/source/user_interface/uiChannelMode.c:706:6:uiChannelModeUpdateScreen	112	static
../application/source/user_interface/uiChannelMode.c:353:13:hidesChannelDetails	8	static
../application/source/user_interface/uiChannelMode.c:1606:13:handleUpKey.isra	24	static
../application/source/user_interface/uiChannelMode.c:1692:13:handleDownKey.isra	24	static
../application/source/user_interface/uiChannelMode.c:2649:6:uiChannelModeStopScanning	0	static
../application/source/user_interface/uiChannelMode.c:2611:13:scanStop	24	static
../application/source/user_interface/uiChannelMode.c:1783:14:uiChannelModeQuickMenu	40	static
../application/source/user_interface/uiChannelMode.c:2663:6:uiChannelModeIsScanning	0	static
../application/source/user_interface/uiChannelMode.c:2668:6:uiChannelModeColdStart	0	static
../application/source/user_interface/uiChannelMode.c:2674:6:uiChannelInitializeCurrentZone	16	static
../application/source/user_interface/uiChannelMode.c:152:14:uiChannelMode	40	static
