../Drivers/CMSIS/Include/core_cm4.h:1938:34:__NVIC_SystemReset	0	static,ignoring_inline_asm
../application/source/usb/usb_com.c:634:13:cpsStopGPSNMEA	8	static
../application/source/usb/usb_com.c:913:6:debugModeUpdateKeysAndButtons	12	static
../application/source/usb/usb_com.c:1330:6:USB_DEBUG_PRINT	8	static
../application/source/usb/usb_com.c:1338:6:USB_DEBUG_printf	2064	static
../application/source/usb/usb_com.c:122:6:tick_com_request	144	static
../application/source/usb/usb_com.c:1353:6:USB_DeviceIsResetting	8	static
