../application/source/functions/aprs.c:1025:15:DistanceBetweenTwoCoords	72	static
../application/source/functions/aprs.c:1179:13:aprsBeaconingTxStateTick	16	static
../application/source/functions/aprs.c:943:15:aprsGetFixedPositionLatitude	16	static
../application/source/functions/aprs.c:981:15:aprsGetFixedPositionLongitude	16	static
../application/source/functions/aprs.c:280:13:enqueueBit.constprop	8	static
../application/source/functions/aprs.c:318:13:enqueueCharNrzi.constprop	32	static
../application/source/functions/aprs.c:353:13:enqueueString.constprop	16	static
../application/source/functions/aprs.c:879:13:aprsBeaconingStateSetEnable.isra	0	static
../application/source/functions/aprs.c:784:6:aprsBitStreamSender	24	static
../application/source/functions/aprs.c:1075:10:aprsBeaconingGetBearing	80	static
../application/source/functions/aprs.c:1223:6:aprsBeaconingInit	8	static
../application/source/functions/aprs.c:1241:6:aprsBeaconingStop	32	static
../application/source/functions/aprs.c:1298:6:aprsBeaconingPrepareSatelliteConfig	16	static
../application/source/functions/aprs.c:1340:6:aprsBeaconingInvalidateFixedPosition	0	static
../application/source/functions/aprs.c:1263:6:aprsBeaconingResetTimers	16	static
../application/source/functions/aprs.c:1230:6:aprsBeaconingStart	16	static
../application/source/functions/aprs.c:1345:6:aprsBeaconingIsSuspended	0	static
../application/source/functions/aprs.c:1350:6:aprsBeaconingSetSuspend	8	static
../application/source/functions/aprs.c:1370:6:aprsBeaconingToggles	40	static
../application/source/functions/aprs.c:1384:21:aprsBeaconingGetMode	0	static
../application/source/functions/aprs.c:1390:6:aprsBeaconingSendBeacon	152	static
../application/source/functions/aprs.c:1554:6:aprsBeaconingUpdateConfigurationFromSystemSettings	8	static
../application/source/functions/aprs.c:1580:6:aprsBeaconingUpdateSystemSettingsFromConfiguration	16	static
../application/source/functions/aprs.c:1607:6:aprsBeaconingGetSettings	0	static
../application/source/functions/aprs.c:1612:6:aprsBeaconingSetSettings	16	static
../application/source/functions/aprs.c:1623:6:aprsBeaconingTick	72	static
