../application/source/functions/calibration.c:183:6:calibrationReadLocal	0	static
../application/source/functions/calibration.c:188:6:calibrationSaveLocal	0	static
../application/source/functions/calibration.c:193:6:calibrationReadFactory	8	static
../application/source/functions/calibration.c:172:6:calibrationInit	8	static
../application/source/functions/calibration.c:211:10:calibrationGetRxTuneForFrequency	12	static
../application/source/functions/calibration.c:257:9:calibrationGetAnalogIGainForFrequency	16	static
../application/source/functions/calibration.c:303:9:calibrationGetAnalogQGainForFrequency	16	static
../application/source/functions/calibration.c:350:9:calibrationGetDigitalIGainForFrequency	16	static
../application/source/functions/calibration.c:396:9:calibrationGetDigitalQGainForFrequency	16	static
../application/source/functions/calibration.c:442:5:interpolate	0	static
../application/source/functions/calibration.c:447:6:calibrationGetPowerForFrequency	16	static
../application/source/functions/calibration.c:567:8:calibrationGetMod2Offset	0	static
../application/source/functions/calibration.c:572:6:calibrationSetMod2Offset	0	static
../application/source/functions/calibration.c:585:6:calibrationGetRSSIMeterParams	0	static
../application/source/functions/calibration.c:593:9:calibrationGetVHFOscTune	0	static
../application/source/functions/calibration.c:598:6:calibrationPutVHFOscTune	0	static
../application/source/functions/calibration.c:603:9:calibrationGetPower	0	static
../application/source/functions/calibration.c:645:6:calibrationPutPower	0	static
../application/source/functions/calibration.c:685:10:calibrationGetLocalDataPointer	0	static
