../application/source/functions/codeplug.c:521:17:_getLDMRFlag1	0	static
../application/source/functions/codeplug.c:525:17:_getFlag2	0	static
../application/source/functions/codeplug.c:529:17:_getFlag3	0	static
../application/source/functions/codeplug.c:533:17:_getFlag4	0	static
../application/source/functions/codeplug.c:1380:17:codeplugGetOpenGD77CustomDataStartAddressForType	32	static
../application/source/functions/codeplug.c:149:10:byteSwap32	0	static
../application/source/functions/codeplug.c:154:10:byteSwap16	0	static
../application/source/functions/codeplug.c:160:10:bcd2int	8	static
../application/source/functions/codeplug.c:174:10:int2bcd	12	static
../application/source/functions/codeplug.c:188:10:bcd2uint16	8	static
../application/source/functions/codeplug.c:201:20:codeplugGetCSSType	0	static
../application/source/functions/codeplug.c:225:10:codeplugCSSToInt	8	static
../application/source/functions/codeplug.c:239:10:codeplugIntToCSS	8	static
../application/source/functions/codeplug.c:252:6:codeplugUtilConvertBufToString	16	static
../application/source/functions/codeplug.c:273:6:codeplugUtilConvertStringToBuf	16	static
../application/source/functions/codeplug.c:288:6:codeplugZonesInitCache	0	static
../application/source/functions/codeplug.c:293:5:codeplugZonesGetCount	16	static
../application/source/functions/codeplug.c:305:6:codeplugZoneGetDataForNumber	24	static
../application/source/functions/codeplug.c:379:6:codeplugZoneAddChannelToZoneAndSave	12	static
../application/source/functions/codeplug.c:418:6:codeplugAllChannelsIndexIsInUse	0	static
../application/source/functions/codeplug.c:429:6:codeplugAllChannelsIndexSetUsed	16	static
../application/source/functions/codeplug.c:458:6:codeplugAllChannelsInitCache	24	static
../application/source/functions/codeplug.c:571:9:codeplugChannelGetFlag	16	static
../application/source/functions/codeplug.c:480:10:codeplugChannelGetOptionalDMRID	8	static
../application/source/functions/codeplug.c:579:9:codeplugChannelSetFlag	16	static
../application/source/functions/codeplug.c:492:6:codeplugChannelSetOptionalDMRID	16	static
../application/source/functions/codeplug.c:596:6:codeplugChannelGetDataWithOffsetAndLengthForIndex	12	static
../application/source/functions/codeplug.c:617:6:codeplugChannelGetDataForIndex	8	static
../application/source/functions/codeplug.c:646:6:codeplugChannelSaveDataForIndex	48	static
../application/source/functions/codeplug.c:795:5:codeplugDTMFContactsGetCount	0	static
../application/source/functions/codeplug.c:800:5:codeplugContactsGetCount	0	static
../application/source/functions/codeplug.c:910:6:codeplugContactsContainsPC	8	static
../application/source/functions/codeplug.c:978:6:codeplugContactsCacheUpdateOrInsertContactAt	32	static
../application/source/functions/codeplug.c:1076:6:codeplugContactsCacheRemoveContactAt	20	static
../application/source/functions/codeplug.c:1104:10:codeplugContactGetPackedId	0	static
../application/source/functions/codeplug.c:1109:5:codeplugContactGetFreeIndex	8	static
../application/source/functions/codeplug.c:1132:6:codeplugDTMFContactGetDataForIndex	8	static
../application/source/functions/codeplug.c:819:5:codeplugDTMFContactGetDataForNumber	16	static
../application/source/functions/codeplug.c:1159:6:codeplugContactGetDataForIndex	40	static
../application/source/functions/codeplug.c:760:6:codeplugRxGroupGetDataForIndex	56	static
../application/source/functions/codeplug.c:833:5:codeplugContactGetDataForNumberInType	32	static
../application/source/functions/codeplug.c:857:5:codeplugContactIndexByTGorPCFromNumber	56	static
../application/source/functions/codeplug.c:905:5:codeplugContactIndexByTGorPC	16	static
../application/source/functions/codeplug.c:1183:5:codeplugContactSaveDataForIndex	48	static
../application/source/functions/codeplug.c:1269:6:codeplugContactGetRXGroup	232	static
../application/source/functions/codeplug.c:1290:10:codeplugGetUserDMRID	16	static
../application/source/functions/codeplug.c:1297:6:codeplugSetUserDMRID	16	static
../application/source/functions/codeplug.c:1304:6:codeplugGetRadioName	8	static
../application/source/functions/codeplug.c:1312:6:codeplugGetBootScreenData	16	static
../application/source/functions/codeplug.c:1325:6:codeplugGetVFO_ChannelData	16	static
../application/source/functions/codeplug.c:1355:6:codeplugConvertChannelInternalToCodeplug	16	static
../application/source/functions/codeplug.c:1344:6:codeplugSetVFO_ChannelData	88	static
../application/source/functions/codeplug.c:1364:6:codeplugInitChannelsPerZone	24	static
../application/source/functions/codeplug.c:1430:6:codeplugGetOpenGD77CustomData	16	static
../application/source/functions/codeplug.c:1444:6:codeplugSetOpenGD77CustomData	32	static
../application/source/functions/codeplug.c:1471:6:codeplugGetGeneralSettings	0	static
../application/source/functions/codeplug.c:1476:6:codeplugGetSignallingDTMF	0	static
../application/source/functions/codeplug.c:1481:6:codeplugGetSignallingDTMFDurations	8	static
../application/source/functions/codeplug.c:1503:6:codeplugGetDeviceInfo	16	static
../application/source/functions/codeplug.c:1524:10:codeplugGetQuickkeyFunctionID	0	static
../application/source/functions/codeplug.c:1556:6:codeplugSetQuickkeyFunctionID	16	static
../application/source/functions/codeplug.c:1571:5:codeplugGetRepeaterWakeAttempts	0	static
../application/source/functions/codeplug.c:1616:5:codeplugGetPasswordPin	16	static
../application/source/functions/codeplug.c:1647:6:codeplugSetTATxForTS	0	static
../application/source/functions/codeplug.c:1655:12:codeplugGetTATxForTS	0	static
../application/source/functions/codeplug.c:1660:6:codeplugInitLastUsedChannelInZone	16	static
../application/source/functions/codeplug.c:1684:9:codeplugGetLastUsedChannelInZone	0	static
../application/source/functions/codeplug.c:1692:9:codeplugGetLastUsedChannelInCurrentZone	0	static
../application/source/functions/codeplug.c:1697:9:codeplugGetLastUsedChannelNumberInCurrentZone	8	static
../application/source/functions/codeplug.c:1704:9:codeplugSetLastUsedChannelInZone	0	static
../application/source/functions/codeplug.c:1729:9:codeplugSetLastUsedChannelInCurrentZone	0	static
../application/source/functions/codeplug.c:1734:6:codeplugSaveLastUsedChannelInZone	16	static
../application/source/functions/codeplug.c:1752:5:codeplugAPRSConfigGetCount	0	static
../application/source/functions/codeplug.c:1757:6:codeplugAPRSGetDataForIndex	8	static
../application/source/functions/codeplug.c:1600:6:codeplugInitCaches	96	static
../application/source/functions/codeplug.c:1772:5:codeplugAPRSGetIndexOfName	32	static
