../application/source/functions/hotspot.c:465:16:LUT_Mult	536	static
../application/source/functions/hotspot.c:717:13:DMRLC2Bytes	0	static
../application/source/functions/hotspot.c:785:13:hammingEncode	32	static
../application/source/functions/hotspot.c:798:16:hammingGetBits	48	static
../application/source/functions/hotspot.c:956:13:byteToBooleanBitsArray	0	static
../application/source/functions/hotspot.c:964:16:BooleanBitsArrayToByte	0	static
../application/source/functions/hotspot.c:545:13:BPTCglobalsInit	8	static
../application/source/functions/hotspot.c:526:13:ReedSolomonDMREncode	24	static
../application/source/functions/hotspot.c:648:13:BPTCencode	152	static
../application/source/functions/hotspot.c:815:13:embeddedDataEncodeEmbeddedData	144	static
../application/source/functions/hotspot.c:974:6:cwProcess	16	static
../application/source/functions/hotspot.c:1013:6:cwReset	0	static
../application/source/functions/hotspot.c:1736:6:enqueueUSBData	16	static
../application/source/functions/hotspot.c:2245:13:sendACK	16	static
../application/source/functions/hotspot.c:2257:13:sendNAK	16	static
../application/source/functions/hotspot.c:1439:6:handleHotspotRequest	592	static
../application/source/functions/hotspot.c:1865:13:sendVoiceHeaderLC_Frame	104	static
../application/source/functions/hotspot.c:1756:6:processUSBDataQueue	16	static
../application/source/functions/hotspot.c:1930:6:hotspotRxFrameHandler	8	static
../application/source/functions/hotspot.c:2270:6:hotspotStateMachine	168	static
../application/source/functions/hotspot.c:2641:6:hotspotInit	16	static
