../application/source/functions/settings.c:620:13:settingsVFOSanityCheck	16	static
../application/source/functions/settings.c:84:6:settingsSaveSettings	8	static
../application/source/functions/settings.c:254:6:settingsRestoreDefaultSettings	16	static
../application/source/functions/settings.c:421:6:enableVoicePromptsIfLoaded	0	static
../application/source/functions/settings.c:436:6:settingsEraseCustomContent	0	static
../application/source/functions/settings.c:443:6:settingsSetBOOL	0	static
../application/source/functions/settings.c:449:6:settingsSetINT8	0	static
../application/source/functions/settings.c:455:6:settingsSetUINT8	0	static
../application/source/functions/settings.c:461:6:settingsSetINT16	0	static
../application/source/functions/settings.c:467:6:settingsSetUINT16	0	static
../application/source/functions/settings.c:473:6:settingsSetINT32	0	static
../application/source/functions/settings.c:479:6:settingsSetUINT32	0	static
../application/source/functions/settings.c:485:6:settingsIncINT8	0	static
../application/source/functions/settings.c:491:6:settingsIncUINT8	0	static
../application/source/functions/settings.c:497:6:settingsIncINT16	0	static
../application/source/functions/settings.c:503:6:settingsIncUINT16	0	static
../application/source/functions/settings.c:509:6:settingsIncINT32	0	static
../application/source/functions/settings.c:515:6:settingsIncUINT32	0	static
../application/source/functions/settings.c:521:6:settingsDecINT8	0	static
../application/source/functions/settings.c:527:6:settingsDecUINT8	0	static
../application/source/functions/settings.c:533:6:settingsDecINT16	0	static
../application/source/functions/settings.c:539:6:settingsDecUINT16	0	static
../application/source/functions/settings.c:545:6:settingsDecINT32	0	static
../application/source/functions/settings.c:551:6:settingsDecUINT32	0	static
../application/source/functions/settings.c:558:6:settingsSetOptionBit	0	static
../application/source/functions/settings.c:114:6:settingsLoadSettings	120	static
../application/source/functions/settings.c:571:6:settingsIsOptionBitSetFromSettings	0	static
../application/source/functions/settings.c:576:6:settingsIsOptionBitSet	0	static
../application/source/functions/settings.c:581:6:settingsSetDirty	0	static
../application/source/functions/settings.c:590:6:settingsSetVFODirty	0	static
../application/source/functions/settings.c:599:6:settingsSaveIfNeeded	0	static
../application/source/functions/settings.c:614:5:settingsGetScanStepTimeMilliseconds	0	static
