../application/source/functions/trx.c:1013:13:trxUpdateC6000Calibration	16	static
../application/source/functions/trx.c:1024:13:trxUpdateRadioCalibration	8	static
../application/source/functions/trx.c:205:9:trxGetAnalogFilterLevel	0	static
../application/source/functions/trx.c:210:6:trxSetAnalogFilterLevel	0	static
../application/source/functions/trx.c:215:5:trxGetMode	0	static
../application/source/functions/trx.c:220:6:trxGetBandwidthIs25kHz	0	static
../application/source/functions/trx.c:310:6:trxSetModeAndBandwidth	24	static
../application/source/functions/trx.c:389:10:trxGetNextOrPrevBandFromFrequency	0	static
../application/source/functions/trx.c:425:10:trxGetBandFromFrequency	0	static
../application/source/functions/trx.c:438:6:trxCheckFrequencyInAmateurBand	0	static
../application/source/functions/trx.c:457:6:trxReadVoxAndMicStrength	0	static
../application/source/functions/trx.c:464:6:trxPostponeReadRSSIAndNoise	0	static
../application/source/functions/trx.c:470:6:trxReadRSSIAndNoise	8	static
../application/source/functions/trx.c:479:6:trxCarrierDetected	8	static
../application/source/functions/trx.c:511:6:trxCheckDigitalSquelch	16	static
../application/source/functions/trx.c:560:6:trxTerminateCheckAnalogSquelch	8	static
../application/source/functions/trx.c:735:6:trxResetSquelchesState	0	static
../application/source/functions/trx.c:816:10:trxGetFrequency	0	static
../application/source/functions/trx.c:859:6:trxActivateRx	16	static
../application/source/functions/trx.c:826:6:trxSetRX	0	static
../application/source/functions/trx.c:741:6:trxSetFrequency	16	static
../application/source/functions/trx.c:885:6:trxActivateTx	8	static
../application/source/functions/trx.c:904:6:trxActivateDMRTx	8	static
../application/source/functions/trx.c:911:6:trxFastDMRTx	0	static
../application/source/functions/trx.c:916:6:trxSetPowerFromLevel	0	static
../application/source/functions/trx.c:921:6:trxUpdate_PA_DAC_Drive	24	static
../application/source/functions/trx.c:834:6:trxConfigurePA_DAC_ForFrequencyBand	8	static
../application/source/functions/trx.c:847:6:trxSetTX	8	static
../application/source/functions/trx.c:978:10:trxGetPA_DAC_Drive	0	static
../application/source/functions/trx.c:983:9:trxGetPowerLevel	0	static
../application/source/functions/trx.c:988:6:trxCalcBandAndFrequencyOffset	0	static
../application/source/functions/trx.c:1036:6:trxSetDMRColourCode	8	static
../application/source/functions/trx.c:1050:9:trxGetDMRColourCode	0	static
../application/source/functions/trx.c:1055:5:trxGetDMRTimeSlot	0	static
../application/source/functions/trx.c:1060:6:trxSetDMRTimeSlot	16	static
../application/source/functions/trx.c:1078:6:trxUpdateTsForCurrentChannelWithSpecifiedContact	16	static
../application/source/functions/trx.c:1127:6:trxSetTxCSS	8	static
../application/source/functions/trx.c:1149:6:trxSetRxCSS	16	static
../application/source/functions/trx.c:1182:6:trxCheckCSSFlag	8	static
../application/source/functions/trx.c:568:6:trxCheckAnalogSquelch	24	static
../application/source/functions/trx.c:1189:9:trxGetCalibrationVoiceGainTx	0	static
../application/source/functions/trx.c:1194:6:trxSetTone1	0	static
../application/source/functions/trx.c:1199:6:trxSetDTMF	0	static
../application/source/functions/trx.c:1207:6:trxDTMFoff	0	static
../application/source/functions/trx.c:1212:6:trxSetMicGainFM	0	static
../application/source/functions/trx.c:1217:6:trxEnableTransmission	8	static
../application/source/functions/trx.c:1224:6:trxDisableTransmission	8	static
../application/source/functions/trx.c:1231:6:trxPowerUpDownRxAndC6000	152	static
../application/source/functions/trx.c:1314:6:trxInvalidateCurrentFrequency	0	static
../application/source/functions/trx.c:1321:6:trxSelectVoiceChannel	0	static
../application/source/functions/trx.c:1326:6:trxRxAndTxOff	0	static
../application/source/functions/trx.c:1331:6:trxRxOn	0	static
../application/source/functions/trx.c:1348:5:trxGetRSSIdBm	0	static
../application/source/functions/trx.c:1367:5:trxGetNoisedBm	0	static
../application/source/functions/trx.c:1384:5:trxGetSNRMargindBm	8	static
../application/source/functions/trx.c:1389:9:trxGetSignalRaw	0	static
../application/source/functions/trx.c:1394:9:trxGetNoiseRaw	0	static
