../application/source/hardware/AT1846S.c:418:17:dcsGetBitPatternFromCode	20	static
../application/source/hardware/AT1846S.c:287:6:radioWriteReg2byte	56	static
../application/source/hardware/AT1846S.c:335:6:radioReadReg2byte	48	static
../application/source/hardware/AT1846S.c:374:6:radioSetClearReg2byteWithMask	32	static
../application/source/hardware/AT1846S.c:400:6:I2C_AT1846_set_register_with_mask	32	static
../application/source/hardware/AT1846S.c:407:6:I2C_AT1846S_send_Settings	16	static
../application/source/hardware/AT1846S.c:231:6:AT1846sInit	8	static
../application/source/hardware/AT1846S.c:242:6:AT1846sPostInit	8	static
../application/source/hardware/AT1846S.c:254:6:AT1846sSetMode	0	static
../application/source/hardware/AT1846S.c:266:6:AT1846sSetBandWidth	16	static
../application/source/hardware/AT1846S.c:449:6:AT1846sSetRxCSSOff	16	static
../application/source/hardware/AT1846S.c:470:6:AT1846sSetRxCTCSS	24	static
../application/source/hardware/AT1846S.c:503:6:AT1846sSetRxDCS	24	static
../application/source/hardware/AT1846S.c:533:6:AT1846sSetTxCTCSS	16	static
../application/source/hardware/AT1846S.c:561:6:AT1846sSetTxDCS	24	static
../application/source/hardware/AT1846S.c:579:6:AT1846sCheckCSS	24	static
../application/source/hardware/AT1846S.c:594:6:AT1846sWriteTone1Reg	40	static
../application/source/hardware/AT1846S.c:616:6:AT1846sSelectVoiceChannel	40	static
../application/source/hardware/AT1846S.c:661:6:AT1846sSetVolume	16	static
