../application/source/hardware/HR-C6000.c:2015:13:hrc6000InitDigitalState	0	static
../application/source/hardware/HR-C6000.c:2181:13:hrc6000SendPcOrTgLCHeader	24	static
../application/source/hardware/HR-C6000.c:351:13:hrc6000WriteSPIRegister0x04Multi	16	static
../application/source/hardware/HR-C6000.c:579:13:hrc6000CheckColourCodeFilter	8	static
../application/source/hardware/HR-C6000.c:1455:13:hrc6000TransitionToTx	8	static
../application/source/hardware/HR-C6000.c:459:20:hrc6000CrcIsValid	8	static
../application/source/hardware/HR-C6000.c:1976:20:hrc6000RxInterruptHandler	0	static
../application/source/hardware/HR-C6000.c:1474:6:hrc6000TxBurstCallback	16	static
../application/source/hardware/HR-C6000.c:469:12:hrc6000GetTSTimeoutValue	0	static
../application/source/hardware/HR-C6000.c:487:20:hrc6000CheckTimeSlotFilter	16	static
../application/source/hardware/HR-C6000.c:325:9:getCurrentTATxFlag	16	static
../application/source/hardware/HR-C6000.c:454:6:HRC6000SetMicGainDMR	0	static
../application/source/hardware/HR-C6000.c:518:6:HRC6000CheckTalkGroupFilter	8	static
../application/source/hardware/HR-C6000.c:1989:6:hrc6000TxInterruptHandler	8	static
../application/source/hardware/HR-C6000.c:2002:6:hrc6000SetInIRQHandler	0	static
../application/source/hardware/HR-C6000.c:2074:6:HRC6000ResetTimeSlotDetection	16	static
../application/source/hardware/HR-C6000.c:2151:6:HRC6000TerminateDigital	8	static
../application/source/hardware/HR-C6000.c:2663:6:HRC6000InitTask	16	static
../application/source/hardware/HR-C6000.c:2679:6:HRC6000ClearIsWakingState	0	static
../application/source/hardware/HR-C6000.c:2684:5:HRC6000GetIsWakingState	0	static
../application/source/hardware/HR-C6000.c:2689:6:HRC6000ClearActiveDMRID	0	static
../application/source/hardware/HR-C6000.c:1271:6:hrc6000SysInterruptHandler	64	static
../application/source/hardware/HR-C6000.c:2697:6:HRC6000ResyncTimeSlot	8	static
../application/source/hardware/HR-C6000.c:2733:10:HRC6000GetReceivedTgOrPcId	0	static
../application/source/hardware/HR-C6000.c:2738:10:HRC6000GetReceivedSrcId	0	static
../application/source/hardware/HR-C6000.c:2743:6:HRC6000ClearTimecodeSynchronisation	0	static
../application/source/hardware/HR-C6000.c:2748:6:HRC6000ClearColorCodeSynchronisation	0	static
../application/source/hardware/HR-C6000.c:2759:6:HRC6000SetTalkerAlias	0	static
../application/source/hardware/HR-C6000.c:2764:6:HRC6000SetTalkerAliasLocation	16	static
../application/source/hardware/HR-C6000.c:2782:6:HRC6000IRQHandlerIsRunning	0	static
../application/source/hardware/HR-C6000.c:2787:6:HRC6000HasGotSync	0	static
../application/source/hardware/HR-C6000.c:2792:6:HRC6000SetMicGainFM	0	static
../application/source/hardware/HR-C6000.c:2797:6:HRC6000SetFMTx	16	static
../application/source/hardware/HR-C6000.c:2874:6:HRC6000SetFMRx	8	static
../application/source/hardware/HR-C6000.c:2892:6:HRC6000SetDMR	8	static
../application/source/hardware/HR-C6000.c:2046:6:HRC6000InitDigitalDmrRx	8	static
../application/source/hardware/HR-C6000.c:1483:6:hrc6000TimeslotInterruptHandler	56	static
../application/source/hardware/HR-C6000.c:2112:6:HRC6000InitDigital	8	static
../application/source/hardware/HR-C6000.c:2639:13:hrc6000TaskFunction	8	static
../application/source/hardware/HR-C6000.c:2916:6:HRC6000SetTxCTCSS	16	static
../application/source/hardware/HR-C6000.c:2936:6:HRC6000SetTxDCS	24	static
../application/source/hardware/HR-C6000.c:2965:6:HRC6000SetRxDCS	16	static
../application/source/hardware/HR-C6000.c:2993:6:HRC6000SetRxCTCSS	8	static
../application/source/hardware/HR-C6000.c:3007:6:HRC6000CheckCSS	16	static
../application/source/hardware/HR-C6000.c:3021:6:HRC6000SetLineOut	0	static
../application/source/hardware/HR-C6000.c:3031:6:HRC6000SetMic	0	static
../application/source/hardware/HR-C6000.c:3041:6:HRC6000SetFmAudio	8	static
../application/source/hardware/HR-C6000.c:3060:6:HRC6000MuteFmAudio	0	static
../application/source/hardware/HR-C6000.c:3078:6:HRC6000GetTone1Config	0	static
../application/source/hardware/HR-C6000.c:3083:6:HRC6000SetTone1Config	0	static
../application/source/hardware/HR-C6000.c:3089:6:HRC6000SetDTMF	8	static
../application/source/hardware/HR-C6000.c:3135:6:HRC6000DTMFoff	8	static
../application/source/hardware/HR-C6000.c:3148:6:HRC6000SendTone	16	static
../application/source/hardware/HR-C6000.c:3163:6:HRC6000InitDTMF	8	static
../application/source/hardware/HR-C6000.c:361:6:HRC6000Init	136	static
../application/source/hardware/HR-C6000.c:3184:6:HRC6000SetDmrRxGain	8	static
../application/source/hardware/HR-C6000.c:436:6:HRC6000FlushMusic	136	static
../application/source/hardware/HR-C6000.c:3193:6:HRC6000SetDmrAGCGain	0	static
../application/source/hardware/HR-C6000.c:3198:6:HRC6000CCIsHeld	0	static
