../application/source/hardware/radioHardwareInterface.c:142:6:radioSetRxLNAForDevice	16	static
../application/source/hardware/radioHardwareInterface.c:258:15:radioSetTRxDevice	0	static
../application/source/hardware/radioHardwareInterface.c:101:6:radioPowerOn	24	static
../application/source/hardware/radioHardwareInterface.c:176:6:radioPowerOff	16	static
../application/source/hardware/radioHardwareInterface.c:230:6:radioInit	8	static
../application/source/hardware/radioHardwareInterface.c:243:6:radioPostinit	8	static
../application/source/hardware/radioHardwareInterface.c:269:15:radioGetTRxDeviceId	0	static
../application/source/hardware/radioHardwareInterface.c:274:6:radioSetBandwidth	0	static
../application/source/hardware/radioHardwareInterface.c:279:6:radioSetMode	8	static
../application/source/hardware/radioHardwareInterface.c:292:6:radioReadVoxAndMicStrength	8	static
../application/source/hardware/radioHardwareInterface.c:303:6:radioSetFrequency	32	static
../application/source/hardware/radioHardwareInterface.c:399:6:radioSetIF	0	static
../application/source/hardware/radioHardwareInterface.c:406:6:radioSetTx	8	static
../application/source/hardware/radioHardwareInterface.c:471:6:radioFastTx	16	static
../application/source/hardware/radioHardwareInterface.c:500:6:radioSetRx	8	static
../application/source/hardware/radioHardwareInterface.c:544:6:radioReadRSSIAndNoiseForBand	24	static
../application/source/hardware/radioHardwareInterface.c:593:6:radioTxCSSOff	0	static
../application/source/hardware/radioHardwareInterface.c:598:6:radioTxCTCSOn	0	static
../application/source/hardware/radioHardwareInterface.c:603:6:radioTxDCSOn	0	static
../application/source/hardware/radioHardwareInterface.c:614:6:radioRxCSSOff	0	static
../application/source/hardware/radioHardwareInterface.c:619:6:radioRxCTCSOn	0	static
../application/source/hardware/radioHardwareInterface.c:624:6:radioRxDCSOn	0	static
../application/source/hardware/radioHardwareInterface.c:629:6:radioCheckCSS	0	static
../application/source/hardware/radioHardwareInterface.c:634:6:radioSetTone1	8	static
../application/source/hardware/radioHardwareInterface.c:649:6:radioSetMicGainFM	0	static
../application/source/hardware/radioHardwareInterface.c:654:6:radioSelectVoiceChannel	0	static
../application/source/hardware/radioHardwareInterface.c:659:6:radioAudioAmp	0	static
../application/source/hardware/radioHardwareInterface.c:664:6:radioSetAudioPath	0	static
../application/source/hardware/radioHardwareInterface.c:669:6:radioTrxSetDeviceVolume	0	static
