../Core/Src/stm32f4xx_hal_msp.c:74:6:HAL_MspInit	8	static
../Core/Src/stm32f4xx_hal_msp.c:98:6:HAL_ADC_MspInit	48	static
../Core/Src/stm32f4xx_hal_msp.c:152:6:HAL_ADC_MspDeInit	8	static
../Core/Src/stm32f4xx_hal_msp.c:184:6:HAL_DAC_MspInit	40	static
../Core/Src/stm32f4xx_hal_msp.c:220:6:HAL_DAC_MspDeInit	0	static
../Core/Src/stm32f4xx_hal_msp.c:257:6:HAL_I2C_MspInit	48	static
../Core/Src/stm32f4xx_hal_msp.c:293:6:HAL_I2C_MspDeInit	8	static
../Core/Src/stm32f4xx_hal_msp.c:324:6:HAL_I2S_MspInit	72	static
../Core/Src/stm32f4xx_hal_msp.c:426:6:HAL_I2S_MspDeInit	8	static
../Core/Src/stm32f4xx_hal_msp.c:462:6:HAL_RTC_MspInit	24	static
../Core/Src/stm32f4xx_hal_msp.c:495:6:HAL_RTC_MspDeInit	0	static
../Core/Src/stm32f4xx_hal_msp.c:517:6:HAL_SPI_MspInit	48	static
../Core/Src/stm32f4xx_hal_msp.c:579:6:HAL_SPI_MspDeInit	0	static
../Core/Src/stm32f4xx_hal_msp.c:628:6:HAL_TIM_Base_MspInit	32	static
../Core/Src/stm32f4xx_hal_msp.c:695:6:HAL_TIM_OC_MspInit	8	static
../Core/Src/stm32f4xx_hal_msp.c:717:6:HAL_TIM_Base_MspDeInit	0	static
../Core/Src/stm32f4xx_hal_msp.c:774:6:HAL_TIM_OC_MspDeInit	0	static
../Core/Src/stm32f4xx_hal_msp.c:796:6:HAL_UART_MspInit	48	static
../Core/Src/stm32f4xx_hal_msp.c:854:6:HAL_UART_MspDeInit	8	static
